// Jest Snapshot v1, https://goo.gl/fbAQLP

exports[`<PostCard /> should match snapshot 1`] = `
<div
  class="post"
>
  <img
    alt="Título 1"
    class="post-image"
    src="img/img.png"
  />
  <div
    class="post-content"
  >
    <h1
      class="post-title"
    >
      Título 1
    </h1>
    <p>
      Body 1
      ...
    </p>
  </div>
</div>
`;
